// Jest Snapshot v1, https://goo.gl/fbAQLP

exports[`Correctly renders login view 1`] = `
<div
  className="login"
>
  <a
    href="https://accounts.spotify.com/authorize?client_id=376c736575c0456f8215eebec0eee1d2&redirect_uri=http://localhost:3000/&scope=user-read-currently-playing%20user-read-recently-played%20user-read-playback-state%20user-top-read%20user-modify-playback-state%20streaming%20user-read-email%20user-read-private%20user-library-read%20playlist-read-collaborative%20playlist-read-private%20playlist-read-collaborative%20playlist-modify-public%20playlist-modify-private&response_type=code&show_dialog=true"
  >
    <button
      className="btn"
    >
      Login with spotify
    </button>
  </a>
</div>
`;
